{
  "generated_at": "2026-03-05T13:47:20.381100Z",
  "workspace_exists": true,
  "orchestra_exists": true,
  "system": {
    "uname": "Linux ns1.localhost.com 5.4.0-216-generic #236-Ubuntu SMP Fri Apr 11 19:53:21 UTC 2025 x86_64 x86_64 x86_64 GNU/Linux",
    "lscpu": "Architecture:                       x86_64\nCPU op-mode(s):                     32-bit, 64-bit\nByte Order:                         Little Endian\nAddress sizes:                      40 bits physical, 48 bits virtual\nCPU(s):                             2\nOn-line CPU(s) list:                0,1\nThread(s) per core:                 1\nCore(s) per socket:                 2\nSocket(s):                          1\nNUMA node(s):                       1\nVendor ID:                          GenuineIntel\nCPU family:                         15\nModel:                              6\nModel name:                         Common KVM processor\nStepping:                           1\nCPU MHz:                            2199.998\nBogoMIPS:                           4399.99\nHypervisor vendor:                  KVM\nVirtualization type:                full\nL1d cache:                          64 KiB\nL1i cache:                          64 KiB\nL2 cache:                           8 MiB\nL3 cache:                           16 MiB\nNUMA node0 CPU(s):                  0,1\nVulnerability Gather data sampling: Not affected\nVulnerability Itlb multihit:        KVM: Vulnerable\nVulnerability L1tf:                 Mitigation; PTE Inversion\nVulnerability Mds:                  Vulnerable: Clear CPU buffers attempted, no microcode; SMT Host state unknown\nVulnerability Meltdown:             Mitigation; PTI\nVulnerability Mmio stale data:      Unknown: No mitigations\nVulnerability Retbleed:             Not affected\nVulnerability Spec store bypass:    Vulnerable\nVulnerability Spectre v1:           Mitigation; usercopy/swapgs barriers and __user pointer sanitization\nVulnerability Spectre v2:           Mitigation; Retpolines; STIBP disabled; RSB filling; PBRSB-eIBRS Not affected; BHI Retpoline\nVulnerability Srbds:                Not affected\nVulnerability Tsx async abort:      Not affected\nFlags:                              fpu vme de pse tsc msr pae mce cx8 apic sep mtrr pge mca cmov pat pse36 clflush mmx fxsr sse sse2 ht syscall nx lm constant_tsc nopl xtopology cpuid tsc_known_freq pni cx16 x2apic hypervisor lahf_lm cpuid_fault pti",
    "free_h": "total        used        free      shared  buff/cache   available\nMem:          3.8Gi       2.8Gi       152Mi        11Mi       865Mi       740Mi\nSwap:         2.9Gi       1.0Gi       1.8Gi",
    "df_h": "Filesystem      Size  Used Avail Use% Mounted on\nudev            1.9G     0  1.9G   0% /dev\ntmpfs           392M  1.3M  391M   1% /run\n/dev/vda5        56G   44G  8.9G  84% /\ntmpfs           2.0G  4.0K  2.0G   1% /dev/shm\ntmpfs           5.0M     0  5.0M   0% /run/lock\ntmpfs           2.0G     0  2.0G   0% /sys/fs/cgroup\n/dev/vda1       456M   84M  338M  20% /boot\ntmpfs           392M     0  392M   0% /run/user/0\noverlay          56G   44G  8.9G  84% /var/lib/docker/overlay2/c7a6529ea272f71caaeb66706120341ea6214ba0e43662fe73cd09bc73aba53f/merged\noverlay          56G   44G  8.9G  84% /var/lib/docker/overlay2/5f0fb9ec1782880d6d48298da723f959a080325ead585fde91978c1feb8198a2/merged\noverlay          56G   44G  8.9G  84% /var/lib/docker/overlay2/94896a991c48dcbfe20c2d521cbe8888fd7458900583d96938ec9526591a3828/merged\nshm              64M     0   64M   0% /var/lib/docker/containers/27995c2bdb05523761a6e2233c10c2374b95f3a87ef06f6d24bf78e79df57014/mounts/shm\nshm              64M  1.1M   63M   2% /var/lib/docker/containers/1ade785f38be9e630fffbe5b5f8e719f1abb76fe9206d4317bc7e385e4abd487/mounts/shm\nshm              64M     0   64M   0% /var/lib/docker/containers/ee7d89f8088f498b68ccb3b8bc3849bdca436a110610b444a5f200f28ba6eb90/mounts/shm\noverlay          56G   44G  8.9G  84% /var/lib/docker/overlay2/c48eaef2c947f86ede2400a3756a3fdf3a6b38845a339477ced5aee5df4bf910/merged\noverlay          56G   44G  8.9G  84% /var/lib/docker/overlay2/15690952a72aa7100d12335767fad9c8804a9dd4297586a52456f453cd242f31/merged\nshm              64M     0   64M   0% /var/lib/docker/containers/e9f0f11aecbaf0b3c771550704a7f5650d8e66d537b63bcc7200e454a5434901/mounts/shm\nshm              64M     0   64M   0% /var/lib/docker/containers/6cd381da9005a6f7a58c47b5afde6a15fb555b8637def787434f8d40c48cbc78/mounts/shm\noverlay          56G   44G  8.9G  84% /var/lib/docker/overlay2/639d0adc80fd31f5c7507851f6092cc921e338b17685d350370241499f2de36f/merged\nshm              64M     0   64M   0% /var/lib/docker/containers/7e02123f185d7d332ec1c0d14c86dad41068658692391ebc6d377d20aeecd861/mounts/shm\noverlay          56G   44G  8.9G  84% /var/lib/docker/overlay2/d165327f918cf477e957cd30fa6d3742e238c7f17e6411626516f195ed4b24a6/merged\nshm              64M     0   64M   0% /var/lib/docker/containers/cd828d1491ad931a3e29111650fcfc02dcbb8b0ec26f8b83dedefd1c0fdace3d/mounts/shm\noverlay          56G   44G  8.9G  84% /var/lib/docker/overlay2/4b196842d3de2d0e0705fa45579bc856b39df11df2caf468f31c30ff8701208d/merged\nshm              64M     0   64M   0% /var/lib/docker/containers/bf6434b66b393d8dd417bc656118ed85d789e19c1c9205d6e28c8f71666307a9/mounts/shm",
    "uptime": "16:47:18 up 6 days, 20:50,  2 users,  load average: 7.21, 6.13, 7.49"
  },
  "docker": {
    "info": "Client:\n Version:    26.1.3\n Context:    default\n Debug Mode: false\n\nServer:\n Containers: 8\n  Running: 8\n  Paused: 0\n  Stopped: 0\n Images: 63\n Server Version: 26.1.3\n Storage Driver: overlay2\n  Backing Filesystem: extfs\n  Supports d_type: true\n  Using metacopy: false\n  Native Overlay Diff: true\n  userxattr: false\n Logging Driver: json-file\n Cgroup Driver: cgroupfs\n Cgroup Version: 1\n Plugins:\n  Volume: local\n  Network: bridge host ipvlan macvlan null overlay\n  Log: awslogs fluentd gcplogs gelf journald json-file local splunk syslog\n Swarm: inactive\n Runtimes: io.containerd.runc.v2 runc\n Default Runtime: runc\n Init Binary: docker-init\n containerd version: \n runc version: \n init version: \n Security Options:\n  apparmor\n  seccomp\n   Profile: builtin\n Kernel Version: 5.4.0-216-generic\n Operating System: Ubuntu 20.04.6 LTS\n OSType: linux\n Architecture: x86_64\n CPUs: 2\n Total Memory: 3.828GiB\n Name: ns1.localhost.com\n ID: fbceeed0-85d4-4a67-9640-7f0100c123c1\n Docker Root Dir: /var/lib/docker\n Debug Mode: false\n Username: stellcodex@gmail.com\n Experimental: false\n Insecure Registries:\n  127.0.0.0/8\n Live Restore Enabled: false\n\nWARNING: No swap limit support",
    "ps": "CONTAINER ID   IMAGE                                      COMMAND                  CREATED             STATUS                 PORTS                                       NAMES\nbf6434b66b39   orchestra_orchestrator                     \"uvicorn app:app --h\u2026\"   About an hour ago   Up About an hour       0.0.0.0:7010->7010/tcp, :::7010->7010/tcp   orchestra_orchestrator_1\ncd828d1491ad   orchestra_litellm                          \"litellm --config /a\u2026\"   About an hour ago   Up About an hour       0.0.0.0:4000->4000/tcp, :::4000->4000/tcp   orchestra_litellm_1\n7e02123f185d   ollama/ollama:latest                       \"/bin/ollama serve\"      2 hours ago         Up 2 hours             11434/tcp                                   orchestra_ollama_1\nee7d89f8088f   redis:7                                    \"docker-entrypoint.s\u2026\"   6 hours ago         Up 6 hours (healthy)   127.0.0.1:6379->6379/tcp                    stellcodex-redis\n1ade785f38be   postgres:15                                \"docker-entrypoint.s\u2026\"   6 hours ago         Up 6 hours (healthy)   127.0.0.1:5432->5432/tcp                    stellcodex-postgres\n27995c2bdb05   minio/minio:RELEASE.2022-10-24T18-35-07Z   \"/usr/bin/docker-ent\u2026\"   6 hours ago         Up 6 hours (healthy)   127.0.0.1:9000-9001->9000-9001/tcp          stellcodex-minio\n6cd381da9005   deploy_backend                             \"sh -lc '  DB_HOST=$\u2026\"   6 hours ago         Up 4 hours (healthy)   127.0.0.1:8000->8000/tcp                    stellcodex-backend\ne9f0f11aecba   deploy_worker                              \"sh -lc '  REDIS_HOS\u2026\"   6 hours ago         Up 6 hours                                                         stellcodex-worker"
  },
  "network": {
    "dns": "2606:4700::6812:1b78 example.com\n2606:4700::6812:1a78 example.com",
    "curl_example": "% Total    % Received % Xferd  Average Speed   Time    Time     Time  Current\n                                 Dload  Upload   Total   Spent    Left  Speed\n\n  0     0    0     0    0     0      0      0 --:--:-- --:--:-- --:--:--     0\n  0     0    0     0    0     0      0      0 --:--:-- --:--:-- --:--:--     0\nHTTP/2 200 \ndate: Thu, 05 Mar 2026 13:47:19 GMT\ncontent-type: text/html\ncf-ray: 9d7992682923e430-IST\nlast-modified: Wed, 25 Feb 2026 07:22:28 GMT\nallow: GET, HEAD\naccept-ranges: bytes\nage: 11421\ncf-cache-status: HIT\nserver: cloudflare"
  },
  "workspace": {
    "git_status_root": "fatal: not a git repository (or any of the parent directories): .git",
    "git_status_orchestra": "fatal: not a git repository (or any of the parent directories): .git"
  },
  "service": {
    "orchestra_state": "{\"deferred_count\":21,\"last_routing\":{\"ts\":\"2026-03-05T13:21:37.912197Z\",\"event\":\"orchestrate\",\"task_preview\":\"startup smoke: validate orchestra routing and readiness\",\"speed\":\"eco\",\"readiness\":\"DEGRADED\",\"routing\":[{\"role\":\"gemini\",\"task_type\":\"plan\",\"preferred\":\"startup_failfast\",\"selected\":\"startup_failfast\",\"shadow\":null,\"pinned\":true,\"decision\":\"pinned_or_strict_single_role\",\"ranked\":[{\"model\":\"startup_failfast\",\"score\":0.5,\"preferred\":true,\"order\":0}]},{\"role\":\"codex\",\"task_type\":\"code\",\"preferred\":\"codex_executor\",\"selected\":\"codex_executor\",\"pinned\":true,\"decision\":\"defer_and_degrade\",\"reason\":\"pinned_model_in_cooldown\"},{\"role\":\"abacus\",\"task_type\":\"analysis\",\"preferred\":\"startup_failfast\",\"selected\":\"startup_failfast\",\"shadow\":null,\"pinned\":true,\"decision\":\"pinned_or_strict_single_role\",\"ranked\":[{\"model\":\"startup_failfast\",\"score\":0.5,\"preferred\":true,\"order\":0}]},{\"role\":\"claude\",\"task_type\":\"review\",\"preferred\":\"startup_failfast\",\"selected\":\"startup_failfast\",\"shadow\":null,\"pinned\":true,\"decision\":\"pinned_or_strict_single_role\",\"ranked\":[{\"model\":\"claude_reviewer\",\"score\":0.94,\"preferred\":false,\"order\":1},{\"model\":\"startup_failfast\",\"score\":0.5,\"preferred\":true,\"order\":0}]},{\"role\":\"local_ops_check\",\"task_type\":\"ops_check\",\"preferred\":null,\"selected\":null,\"shadow\":null,\"pinned\":false,\"decision\":\"defer_and_degrade\",\"reason\":\"no_available_model\",\"ranked\":[]},{\"role\":\"local_doc\",\"task_type\":\"doc\",\"preferred\":null,\"selected\":null,\"shadow\":null,\"pinned\":false,\"decision\":\"defer_and_degrade\",\"reason\":\"no_available_model\",\"ranked\":[]}],\"results\":[{\"role\":\"gemini\",\"task_type\":\"plan\",\"model\":\"startup_failfast\",\"status\":\"degraded_error\",\"degraded\":true,\"deferred\":false},{\"role\":\"codex\",\"task_type\":\"code\",\"model\":\"codex_executor\",\"status\":\"deferred_primary_cooldown\",\"degraded\":true,\"deferred\":true},{\"role\":\"abacus\",\"task_type\":\"analysis\",\"model\":\"startup_failfast\",\"status\":\"degraded_error\",\"degraded\":true,\"deferred\":false},{\"role\":\"claude\",\"task_type\":\"review\",\"model\":\"startup_failfast\",\"status\":\"degraded_error\",\"degraded\":true,\"deferred\":false},{\"role\":\"local_ops_check\",\"task_type\":\"ops_check\",\"model\":\"local_fast\",\"status\":\"deferred_no_available_model\",\"degraded\":true,\"deferred\":true},{\"role\":\"local_doc\",\"task_type\":\"doc\",\"model\":\"local_fast\",\"status\":\"deferred_no_available_model\",\"degraded\":true,\"deferred\":true}],\"deferred_count\":27}}"
  }
}